
> edge-pdf@0.1.0 build
> next build

Γû▓ Next.js 16.2.10 (Turbopack)

  Creating an optimized production build ...
